{
  "aio": {
    "uncompressed": {
      "runtime": 4252,
      "main": 525680,
      "polyfills": 33862,
      "styles": 60209,
      "light-theme": 31691,
      "dark-theme": 34108
    }
  },
  "aio-local": {
    "uncompressed": {
      "runtime": 4252,
      "main": 526463,
      "polyfills": 33862,
      "styles": 60209,
      "light-theme": 31691,
      "dark-theme": 34108
    }
  }
}
