{
  "cli-hello-world": {
    "master": {
      "uncompressed": {
        "runtime-es2015": 1485,
        "main-es2015": 141151,
        "polyfills-es2015": 36571
      }
    }
  },
  "cli-hello-world-ivy-minimal": {
    "master": {
      "uncompressed": {
        "runtime-es2015": 1485,
        "main-es2015": 16959,
        "polyfills-es2015": 36938
      }
    }
  },
  "cli-hello-world-ivy-compat": {
    "master": {
      "uncompressed": {
        "runtime-es2015": 1485,
        "main-es2015": 147314,
        "polyfills-es2015": 36571
      }
    }
  },
  "cli-hello-world-ivy-i18n": {
    "master": {
      "uncompressed": {
        "runtime-es2015": 1485,
        "main-es2015": 135533,
        "polyfills-es2015": 37248
      }
    }
  },
  "cli-hello-world-lazy": {
    "master": {
      "uncompressed": {
        "runtime-es2015": 2289,
        "main-es2015": 245488,
        "polyfills-es2015": 36938,
        "5-es2015": 751
      }
    }
  },
  "cli-hello-world-lazy-rollup": {
    "master": {
      "uncompressed": {
        "runtime-es2015": 2289,
        "main-es2015": 221268,
        "polyfills-es2015": 36938,
        "5-es2015": 779
      }
    }
  },
  "hello_world__closure": {
    "master": {
      "uncompressed": {
        "bundle": 242159
      }
    }
  }
}
